// Vitest Snapshot v1

exports[`Group > snapshot 1`] = `
"<div class=\\"ta-group ta-horizontal-hairline\\">
  <div class=\\"ta-group_header\\">
    <div class=\\"ta-group_title\\">title</div>
    <div class=\\"ta-group_more\\"></div>
  </div>
  <div class=\\"ta-group_body ta-horizontal-hairline hairline-reverse\\">
    <div class=\\"ta-group_body-inner\\"></div>
  </div>
</div>"
`;
