// Vitest Snapshot v1

exports[`Cascader > should render prop set options correctly 1`] = `
"<div class=\\"fx-cascader\\">
  <selector-field-stub label=\\"\\" name=\\"\\" placeholder=\\"\\" disabled=\\"false\\" value=\\"\\"></selector-field-stub>
  <!--v-if-->
</div>"
`;
