// Vitest Snapshot v1

exports[`ScrollTab > snapshot 1`] = `
"<div class=\\"ta-scroll-tab is-side-bar\\">
  <div class=\\"ta-scroll-tab_bar\\">
    <div class=\\"ta-sticky\\">
      <!--teleport start-->
      <div class=\\"ta-sticky_content\\"></div>
      <!--teleport end-->
    </div>
  </div>
  <div class=\\"ta-scroll-tab_body\\">
    <div class=\\"ta-sticky-view\\">
      <div class=\\"ta-sticky-view_list\\"></div>
      <div class=\\"ta-sticky ta-sticky-view_top\\">
        <!--teleport start-->
        <div class=\\"ta-sticky_content\\">
          <div class=\\"ta-sticky-view_fixed\\">
            <div class=\\"ta-sticky-view_fixed-inner\\" style=\\"transform: translate3d(0px, -100%, 0px);\\"></div>
          </div>
        </div>
        <!--teleport end-->
      </div>
    </div>
  </div>
</div>"
`;

exports[`ScrollTabItem > snapshot 1`] = `
"<div class=\\"ta-sticky-view-item ta-scroll-tab-item\\" data-name=\\"name\\">
  <div class=\\"ta-sticky-view-item_header\\">name<span></span></div>
  <div class=\\"ta-sticky-view-item_body\\"></div>
</div>"
`;
