// Vitest Snapshot v1, https://vitest.dev/guide/snapshot.html

exports[`Empty > snapshot 1`] = `
"<div class=\\"ta-empty\\"><img class=\\"ta-empty_image\\" src=\\"data:image/png;base64,iVBORw0KGgoAAAANSUhEUgAAAUAAAAFACAMAAAD6TlWYAAABLFBMVEUAAAC5u70AAABWWWBVW2Dq6uy3ur1QV2AAAABWWmDv7+9WWmBXWmBWWmAAAAAAAABVWmAAAABVWWHr6+zr6+0AAAAAAADr6+1XW2BVWWBXWmBVWmDr6+sAAAAAAAAAAABXWmEAAAAAAADs7O1XWmAAAABWWWDs7O1VWmDt7e0AAABVWmDn5+4AAAC6u75WWWDr6+25ur63ub3s7OxVVWDt7e0AAAAAAAC4ury5vLxWXGBXWmHq6u8AAACvr7/s7O4AAAC5ur7X2Nq5ub2Nj5Sho6eFio+3t7/r6+y5ur319fVWWmDm5ud+gYXx8fHNztBfY2mNkJTY2dqqq6/f3+GQkpeusLKtr7JcYGbMzM+goqVvcnevsbTg4ePAwcTb292goqaHio13en9pbXFpGLi+AAAASHRSTlMAf3NAv2BgEKaPEN9f71UJ72wfv49kMu/Pv29vQBNAnH9HOd+fK6+fn29QMCAc79/Pv3BQMH98XURfUE8wJBCvkd+fj49/MCBUahNhAAAGiElEQVR42uzYzUrDQBSG4c+zkICQYRbNLiMJZBNopV1IXSgVFxK8//sxVilSG20yxLbhfS7hhXPmRwAAAAAAAAAAAAAAAAAAAMAZqEIuDFeZpcJw9QUHvHnrdKPWzLZmGtPMrNSFuusOePdfAXMzmwsxK9CE/srw6C59BZ5SZa00zJ03y4TeSvvCChzGFTPbSTMaDuCqbxF9Wjmht9zbThB6m5tZldXejMN4kMzMq5VnacqXwgCpWS0MZ9wCo1dgrhFl90lyH9QqvZ/gKVWO/FORJluFFMwu+NenUzArNKJNUjhXJLeSN+fMa2pcUTuN6PYz4EbylucTDDi2ItmqpZKr+iDh4xDJ1AreT28FAgAAAAAAAABwKutl85fFci10WDVHWQkHvS6aoyyehEPWzZEehEOumyMthY6AzHBcQGY4MiAzHBmQGY4MyAxHBmSGFR+Q10hEwOl6XukHAvbyon0E7GetPQRsndXannjAK+0hIAF/Q8BzQ0ACvrNzN61NRFEYxwcmZZgmgRIF09RFwBKVuBCqGxUEcXHJiZraRPElKW2//3doNsO5cKHkkHPp5DznWU22f8JvNWdE84Btmwc8oICb67mRLTePEvB6ZmbLRwk4n5nZ3AN6QMk8YNvmAT2gaB6wbfOAHlA0D9i2eUAPKFoLA1bTcsd9/dts8+PQFrIFnPYJYqt1poBDGnZ23PBfs9tvhzaiu5AnIFGFYOD6lm5y/QNLhICz9YLWWQLWNOYfx0cP7cufZvPvh7cV/c8S8AOdFs0ungW7u6JVloBVhOCTYHg/aZElYNFhBF8Ey1vQMkvAmurm8WWwvEv6nSVgyQgeBcu7okvdgCmCb4LlJQgmAR1BAYKKAcfQCCoELGkIjKBCwKqPjOA+ARnBj7gIxgEdQQGCmgFL6qIguMoSsGAEj4PlMYLKATvUg0VQJeCIEXwaLG+L4EMBHUERgmlAR1CEYBrQERQgqBtwRK9QEdQJOMVFcM+AjOAAFEGlgBNG8G2wvAjBNKAjuAuCv7IEHNBJ83gRLC9CMA3oCAoQ1A54TmeYCMYBHUERgmlAR1CAoHbAokvvIBHcPyAjCPGOESOoHLBHE0gE44BaCD4PlscIJgEdQRGCaUBHUICgfsAenSIiqBewwkRQISAjWAIiqBiwhkQwDugIChDUDMgIVngIKgYshoyg5YsbRlA7YE1jPARVAqZXX++D5cUIxgEdQQGCOQIWHUAEVQPWVMMhqBqwBERQNWBFBIdgHNARFCGYBnQEJQjqBkyvvl4Hy2MEdQNWfTgEtQKmV18gCCoHHMMhGAd0BEUIpgEdQRGCygH54AELQe2AIzQEtQOW1MVCUDtgwQh+Cpa3RTAJ6AjKEFQOmL7r+zlY3hbBLAGnYAgqBuSDByQE9QNOsBCMAzqCUgSzBJzSCRKCcUBHUIpgnoDndAaEoGZARhDjS1BbBLMEHEAheM/OHatEEARBGJ5lhWVwBMM9L9loEwVzc00aETHQ4IQT3/8dbE7m3NSmK6qqR/iDDxa2JzlgR5DiObwTgtuAQjCAICJgs5UHwW1AIfhvBA/pAfvVFw2C24BCMIAgJGCzHQ2CkICTXXO8BOUIQgI6giMLgpiA1fYUz+E5gtuAQjCA4AskoCM4kSB4hAQsMw2CX5iA1RYSBD8wAR94EDz8BRSCEQRfIQHLTHL//2bPmIDVKhuCuQFHlvt/RxAScDJjQ3AoqbugQ3AoQjCIYA8oBIMIQgJOV2wIJgbsV19cCGYHXKxSPIzsCGICjjazIPjeA6YjSPEwsiMICegINioE0wPekCGYHnC0SyoEh5I9MgRPAYVgEMEeUAjGEMQEvOVCMDdg/9eX4v7fEcQEXKkQBAT0gweK+39HsAcUglEEe0AhGEQQE9D/9eVB8DegEAwiiAnoBw88CJ4DCsEQgpiAjiDFm6COICZgs5UGQUhAR5DjYWRHMD1gv/piQbAHFIJBBM8BhWAMQUzAiQfBx9InBEMILgWy1SrF5/ARFXA02xMg+PltrWC2GMfu7wpobTaC7Z6KpmmapmmapmnaT3t1jMIgEEVR9DOVEJhgoZ0MCDZpLK1cgfvfTyYGUqQQTGOKc5Zwi/cAAAAAAAAA4B/dtgO3qLr00QXf5u3ALCAAwPXWnFKeosqlLMFJY9r1EUtT5eCcLvX3e5/aiNIMQ1OCc9p3wE7AH/VpN0bkpjKCp02vE1mjWkp5BAAAAAAAAADAlZ5X9riGUcwcQgAAAABJRU5ErkJggg==\\">
  <!--v-if-->
</div>"
`;
