// Vitest Snapshot v1

exports[`IndexView > IndexView should render default correctly 1`] = `
"<div class=\\"fx-index-view\\">
  <div class=\\"fx-index-view_sidebar\\">
    <ul class=\\"fx-index-view_list\\"></ul>
  </div>
  <div class=\\"fx-index-view_body\\">
    <div class=\\"fx-sticky-view\\">
      <div class=\\"fx-sticky-view_list\\"></div>
      <div class=\\"fx-sticky fx-sticky-view_top\\">
        <div class=\\"fx-sticky_content\\">
          <div class=\\"fx-sticky-view_fixed\\">
            <div class=\\"fx-sticky-view_fixed-inner\\" style=\\"transform: translate3d(0px, -100%, 0px);\\"></div>
          </div>
        </div>
      </div>
    </div>
  </div>
</div>"
`;

exports[`IndexView > IndexViewItem should render default correctly 1`] = `
"<div class=\\"fx-group fx-horizontal-hairline fx-sticky-view-item fx-index-view-item\\" data-name=\\"item-1\\">
  <div class=\\"fx-group_header\\">
    <div class=\\"fx-group_title\\">item-1</div>
    <div class=\\"fx-group_more\\"></div>
  </div>
  <div class=\\"fx-group_body fx-horizontal-hairline hairline-reverse\\">
    <div class=\\"fx-group_body-inner\\">content</div>
  </div>
</div>"
`;
