// Vitest Snapshot v1

exports[`TabView > TabView should render default correctly 1`] = `
"<div class=\\"fx-tab-view\\">
  <div class=\\"fx-tab-view_header fx-horizontal-hairline\\">
    <tab-stub activevalue=\\"0\\" options=\\"\\" scrollthreshold=\\"4\\"></tab-stub>
  </div>
  <div class=\\"fx-tab-view_body\\">
    <swiper-stub indicatordots=\\"false\\" navigationbuttons=\\"false\\" autoplay=\\"false\\" interval=\\"5000\\" initialcircular=\\"false\\" activeindex=\\"0\\" initialvertical=\\"false\\" bounces=\\"false\\"></swiper-stub>
  </div>
</div>"
`;

exports[`TabView > TabViewItem should render default correctly 1`] = `"<div class=\\"fx-swiper-item fx-tab-view-item\\" data-name=\\"item-1\\">content</div>"`;
