// Vitest Snapshot v1

exports[`DatePicker > should render default correctly 1`] = `
"<div class=\\"fx-picker\\">
  <selector-field-stub label=\\"\\" name=\\"\\" placeholder=\\"\\" disabled=\\"false\\" value=\\"\\"></selector-field-stub>
  <!--v-if-->
</div>"
`;
