// Vitest Snapshot v1

exports[`Picker > snapshot 1`] = `
"<div class=\\"ta-picker\\">
  <selector-field-stub label=\\"\\" name=\\"\\" placeholder=\\"\\" disabled=\\"false\\" value=\\"\\"></selector-field-stub>
  <!--v-if-->
</div>"
`;

exports[`PickerPopup > snapshot 1`] = `"<drawer-stub visible=\\"false\\" maskclosable=\\"true\\" placement=\\"bottom\\" showclose=\\"false\\" enablesafeareainsets=\\"true\\" showmask=\\"true\\" initialenableblurcancel=\\"true\\" class=\\"ta-picker-popup\\"></drawer-stub>"`;

exports[`PickerView > snapshot 1`] = `
"<div class=\\"ta-picker-view\\">
  <div class=\\"ta-picker-view_cols\\">
    <empty-stub description=\\"暂无选择可选\\" type=\\"default\\"></empty-stub>
  </div>
</div>"
`;
