// Vitest Snapshot v1

exports[`ActionSheet > snapshot 1`] = `"<drawer-stub visible=\\"false\\" maskclosable=\\"true\\" placement=\\"bottom\\" showclose=\\"false\\" enablesafeareainsets=\\"true\\" showmask=\\"true\\" class=\\"ak-action-sheet\\"></drawer-stub>"`;
