// Vitest Snapshot v1

exports[`ImagePreview > should render props set urls correctly 1`] = `"<anonymous-stub to=\\"body\\"></anonymous-stub>"`;
