// Vitest Snapshot v1

exports[`CountUp > snapshot 1`] = `"<div class=\\"ta-count-up\\"></div>"`;
