// Vitest Snapshot v1

exports[`StickyView > snapshot 1`] = `
"<div class=\\"ta-sticky-view\\">
  <div class=\\"ta-sticky-view_list\\"></div>
  <div class=\\"ta-sticky ta-sticky-view_top\\">
    <div class=\\"ta-sticky_content\\">
      <div class=\\"ta-sticky-view_fixed\\">
        <div class=\\"ta-sticky-view_fixed-inner\\" style=\\"transform: translate3d(0px, -100%, 0px);\\"></div>
      </div>
    </div>
  </div>
</div>"
`;

exports[`StickyViewItem > snapshot 1`] = `
"<div class=\\"ta-sticky-view-item\\" data-name=\\"name\\" data-title=\\"\\">
  <div class=\\"ta-sticky-view-item_header\\">name</div>
  <div class=\\"ta-sticky-view-item_body\\"></div>
</div>"
`;
