// Vitest Snapshot v1

exports[`DatePicker > snapshot 1`] = `
"<div class=\\"ta-picker\\" options=\\"\\">
  <selector-field-stub label=\\"\\" name=\\"\\" placeholder=\\"\\" disabled=\\"false\\" value=\\"\\"></selector-field-stub>
  <!--v-if-->
</div>"
`;

exports[`DatePickerPopup > snapshot 1`] = `"<drawer-stub visible=\\"false\\" maskclosable=\\"true\\" placement=\\"bottom\\" showclose=\\"false\\" enablesafeareainsets=\\"true\\" showmask=\\"true\\" initialenableblurcancel=\\"true\\" class=\\"ta-picker-popup ta-date-picker-popup\\" options=\\"\\"></drawer-stub>"`;

exports[`DatePickerView > snapshot 1`] = `"<picker-view-stub options=\\"\\" fieldnames=\\"[object Object]\\" class=\\"ta-date-picker-view\\"></picker-view-stub>"`;
