// Vitest Snapshot v1

exports[`StickyView > StickyView should render default correctly 1`] = `
"<div class=\\"fx-sticky-view\\">
  <div class=\\"fx-sticky-view_list\\"></div>
  <div class=\\"fx-sticky fx-sticky-view_top\\">
    <div class=\\"fx-sticky_content\\">
      <div class=\\"fx-sticky-view_fixed\\">
        <div class=\\"fx-sticky-view_fixed-inner\\" style=\\"transform: translate3d(0px, -100%, 0px);\\"></div>
      </div>
    </div>
  </div>
</div>"
`;

exports[`StickyView > StickyViewItem should render default correctly 1`] = `
"<div class=\\"fx-sticky-view-item\\" data-name=\\"item-1\\">
  <div class=\\"fx-sticky-view-item_header\\">item-1</div>
  <div class=\\"fx-sticky-view-item_body\\">content</div>
</div>"
`;
