// Vitest Snapshot v1

exports[`SearchBar > snapshot 1`] = `
"<div class=\\"ak-search\\">
  <form class=\\"ak-search_inner\\">
    <ak-input-stub modelvalue=\\"\\" name=\\"\\" disabled=\\"false\\" maxlength=\\"100\\" placeholder=\\"\\" type=\\"search\\" showclear=\\"true\\" showlimit=\\"false\\" class=\\"ak-search_field\\"></ak-input-stub><button class=\\"ak-search_button\\">Search</button>
    <!--v-if-->
  </form>
  <!--v-if-->
</div>"
`;
