// Vitest Snapshot v1

exports[`Tag > snapshot 1`] = `
"<div class=\\"ta-tag type--default size--middle pattern--light\\">
  <!--v-if-->
</div>"
`;
