// Vitest Snapshot v1

exports[`Input > snapshot 1`] = `
"<label class=\\"ta-input\\">
  <!--v-if--><input class=\\"ta-input_input\\" name=\\"\\" type=\\"text\\" inputmode=\\"text\\" placeholder=\\"\\" maxlength=\\"140\\">
  <!--v-if-->
  <!--v-if-->
  <!--v-if-->
</label>"
`;
