// Vitest Snapshot v1, https://vitest.dev/guide/snapshot.html

exports[`Stopwatch > snapshot 1`] = `"<div class=\\"ta-stopwatch\\">00:00.000</div>"`;
