// Vitest Snapshot v1

exports[`Cell > snapshot 1`] = `
"<div class=\\"ta-cell ta-horizontal-hairline\\">
  <div class=\\"ta-cell_header\\">
    <!--v-if-->
    <!--v-if-->
    <div class=\\"ta-cell_content\\"></div>
    <!--v-if-->
  </div>
  <!--v-if-->
</div>"
`;
